// Jest Snapshot v1, https://goo.gl/fbAQLP

exports[`form/Input should running no error 1`] = `
<form
  class="form"
>
  <div
    class="form__control"
  >
    <input
      class="input"
      id="buah1"
      name="buah"
      value=""
    />
  </div>
</form>
`;
