// Jest Snapshot v1, https://goo.gl/fbAQLP

exports[`form/TextArea should running no error 1`] = `
<form
  class=""
>
  <div
    class="control"
  >
    <textarea
      class="control__element text-area"
      id="buah2"
    />
  </div>
</form>
`;
