// Jest Snapshot v1, https://goo.gl/fbAQLP

exports[`button -> tooltip Ketika dijalankan secara default: [object Object] 1`] = `[Function]`;
